<?xml version="1.0" encoding="UTF-8"?>
<!-- Written by Eclipse BIRT 2.0 -->
<report xmlns="http://www.eclipse.org/birt/2005/design" version="3.2.1" id="1">
    <list-property name="libraries">
        <structure>
            <property name="fileName">Reg_130271.xml</property>
            <property name="namespace">lib</property>
        </structure>
    </list-property>
    <data-sources>
        <oda-data-source extensionID="org.eclipse.birt.report.data.oda.jdbc" name="dsource" id="2"
 extends="lib.Data Source"/>
    </data-sources>
    <data-sets>
        <oda-data-set extensionID="org.eclipse.birt.report.data.oda.jdbc.JdbcSelectDataSet" name="dset" id="3"
 extends="lib.Data Set"/>
    </data-sets>
</report>
