<?xml version="1.0" encoding="UTF-8"?>
<report xmlns="http://www.eclipse.org/birt/2005/design" version="3.2.20" id="1">
    <property name="units">in</property>
    <property name="iconFile">/templates/blank_report.gif</property>
    <property name="layoutPreference">auto layout</property>
    <property name="bidiLayoutOrientation">ltr</property>
    <list-property name="libraries">
        <structure>
            <property name="fileName">regression_240813_lib.xml</property>
            <property name="namespace">regression_240813_lib</property>
        </structure>
    </list-property>
    <page-setup>
        <simple-master-page name="Simple MasterPage" id="2">
            <property name="topMargin">1in</property>
            <property name="leftMargin">1.25in</property>
            <property name="bottomMargin">1in</property>
            <property name="rightMargin">1.25in</property>
        </simple-master-page>
    </page-setup>
    <body>
        <grid name="NewGrid" id="6" extends="regression_240813_lib.NewGrid">
            <overridden-values>
                <ref-entry baseId="6" id="16"/>
                <ref-entry baseId="7" id="7"/>
                <ref-entry baseId="8" id="8"/>
                <ref-entry baseId="9" name="NewLabel" id="9">
                    <property name="text">label</property>
                </ref-entry>
            </overridden-values>
        </grid>
        <grid name="NewGrid1" id="11" extends="regression_240813_lib.NewGrid">
            <overridden-values>
                <ref-entry baseId="6" id="17"/>
                <ref-entry baseId="7" id="18"/>
                <ref-entry baseId="8" id="19"/>
                <ref-entry baseId="9" name="NewLabel1" id="20">
                    <property name="text">label1</property>
                </ref-entry>
            </overridden-values>
        </grid>
    </body>
</report>
