<?xml version="1.0" encoding="UTF-8"?>
<library xmlns="http://www.eclipse.org/birt/2005/design" version="3.2.20" id="1">
    <property name="units">in</property>
    <data-sources>
        <oda-data-source extensionID="org.eclipse.birt.report.data.oda.jdbc" name="Data Source" id="5">
            <property name="odaDriverClass">org.eclipse.birt.report.data.oda.sampledb.Driver</property>
            <property name="odaURL">jdbc:classicmodels:sampledb</property>
            <property name="odaUser">ClassicModels</property>
        </oda-data-source>
    </data-sources>
    <data-sets>
        <oda-data-set extensionID="org.eclipse.birt.report.data.oda.jdbc.JdbcSelectDataSet" name="Data Set" id="6">
            <list-property name="columnHints">
                <structure>
                    <property name="columnName">OFFICECODE</property>
                    <text-property name="displayName">OFFICECODE</text-property>
                </structure>
                <structure>
                    <property name="columnName">CITY</property>
                    <text-property name="displayName">CITY</text-property>
                </structure>
                <structure>
                    <property name="columnName">COUNTRY</property>
                    <text-property name="displayName">COUNTRY</text-property>
                </structure>
            </list-property>
            <structure name="cachedMetaData">
                <list-property name="resultSet">
                    <structure>
                        <property name="position">1</property>
                        <property name="name">OFFICECODE</property>
                        <property name="dataType">string</property>
                    </structure>
                    <structure>
                        <property name="position">2</property>
                        <property name="name">CITY</property>
                        <property name="dataType">string</property>
                    </structure>
                    <structure>
                        <property name="position">3</property>
                        <property name="name">COUNTRY</property>
                        <property name="dataType">string</property>
                    </structure>
                </list-property>
            </structure>
            <property name="dataSource">Data Source</property>
            <list-property name="resultSet">
                <structure>
                    <property name="position">1</property>
                    <property name="name">OFFICECODE</property>
                    <property name="nativeName">OFFICECODE</property>
                    <property name="dataType">string</property>
                    <property name="nativeDataType">12</property>
                </structure>
                <structure>
                    <property name="position">2</property>
                    <property name="name">CITY</property>
                    <property name="nativeName">CITY</property>
                    <property name="dataType">string</property>
                    <property name="nativeDataType">12</property>
                </structure>
                <structure>
                    <property name="position">3</property>
                    <property name="name">COUNTRY</property>
                    <property name="nativeName">COUNTRY</property>
                    <property name="dataType">string</property>
                    <property name="nativeDataType">12</property>
                </structure>
            </list-property>
            <xml-property name="queryText"><![CDATA[select CLASSICMODELS.OFFICES.OFFICECODE,CLASSICMODELS.OFFICES.CITY,CLASSICMODELS.OFFICES.COUNTRY
from CLASSICMODELS.OFFICES]]></xml-property>
            <xml-property name="designerValues"><![CDATA[<?xml version="1.0" encoding="UTF-8"?>
<model:DesignValues xmlns:design="http://www.eclipse.org/datatools/connectivity/oda/design" xmlns:model="http://www.eclipse.org/birt/report/model/adapter/odaModel">
  <Version>1.0</Version>
  <design:ResultSets derivedMetaData="true">
    <design:resultSetDefinitions>
      <design:resultSetColumns>
        <design:resultColumnDefinitions>
          <design:attributes>
            <design:name>OFFICECODE</design:name>
            <design:position>1</design:position>
            <design:nativeDataTypeCode>12</design:nativeDataTypeCode>
            <design:precision>10</design:precision>
            <design:scale>0</design:scale>
            <design:nullability>Nullable</design:nullability>
            <design:uiHints>
              <design:displayName>OFFICECODE</design:displayName>
            </design:uiHints>
          </design:attributes>
          <design:usageHints>
            <design:label>OFFICECODE</design:label>
            <design:formattingHints>
              <design:displaySize>10</design:displaySize>
            </design:formattingHints>
          </design:usageHints>
        </design:resultColumnDefinitions>
        <design:resultColumnDefinitions>
          <design:attributes>
            <design:name>CITY</design:name>
            <design:position>2</design:position>
            <design:nativeDataTypeCode>12</design:nativeDataTypeCode>
            <design:precision>50</design:precision>
            <design:scale>0</design:scale>
            <design:nullability>Nullable</design:nullability>
            <design:uiHints>
              <design:displayName>CITY</design:displayName>
            </design:uiHints>
          </design:attributes>
          <design:usageHints>
            <design:label>CITY</design:label>
            <design:formattingHints>
              <design:displaySize>50</design:displaySize>
            </design:formattingHints>
          </design:usageHints>
        </design:resultColumnDefinitions>
        <design:resultColumnDefinitions>
          <design:attributes>
            <design:name>COUNTRY</design:name>
            <design:position>3</design:position>
            <design:nativeDataTypeCode>12</design:nativeDataTypeCode>
            <design:precision>50</design:precision>
            <design:scale>0</design:scale>
            <design:nullability>Nullable</design:nullability>
            <design:uiHints>
              <design:displayName>COUNTRY</design:displayName>
            </design:uiHints>
          </design:attributes>
          <design:usageHints>
            <design:label>COUNTRY</design:label>
            <design:formattingHints>
              <design:displaySize>50</design:displaySize>
            </design:formattingHints>
          </design:usageHints>
        </design:resultColumnDefinitions>
      </design:resultSetColumns>
    </design:resultSetDefinitions>
  </design:ResultSets>
</model:DesignValues>]]></xml-property>
        </oda-data-set>
    </data-sets>
    <themes>
        <theme name="defaultTheme" id="4"/>
    </themes>
    <components>
        <table name="NewTable" id="8">
            <property name="width">100%</property>
            <property name="dataSet">Data Set</property>
            <list-property name="boundDataColumns">
                <structure>
                    <property name="name">OFFICECODE</property>
                    <text-property name="displayName">OFFICECODE</text-property>
                    <expression name="expression">dataSetRow["OFFICECODE"]</expression>
                    <property name="dataType">string</property>
                </structure>
                <structure>
                    <property name="name">CITY</property>
                    <text-property name="displayName">CITY</text-property>
                    <expression name="expression">dataSetRow["CITY"]</expression>
                    <property name="dataType">string</property>
                </structure>
                <structure>
                    <property name="name">COUNTRY</property>
                    <text-property name="displayName">COUNTRY</text-property>
                    <expression name="expression">dataSetRow["COUNTRY"]</expression>
                    <property name="dataType">string</property>
                </structure>
            </list-property>
            <column id="16"/>
            <group id="9">
                <property name="groupName">NewTableGroup1</property>
                <property name="interval">none</property>
                <property name="sortDirection">asc</property>
                <expression name="keyExpr">row["COUNTRY"]</expression>
                <structure name="toc">
                    <expression name="expressionValue">row["COUNTRY"]</expression>
                </structure>
                <property name="repeatHeader">true</property>
                <property name="hideDetail">false</property>
                <property name="pageBreakAfter">auto</property>
                <property name="pageBreakBefore">auto</property>
                <property name="pageBreakInside">auto</property>
                <header>
                    <row id="10">
                        <cell id="11">
                            <data id="12">
                                <property name="resultSetColumn">COUNTRY</property>
                            </data>
                        </cell>
                    </row>
                </header>
            </group>
            <detail>
                <row id="13">
                    <cell id="14">
                        <data id="15">
                            <property name="resultSetColumn">OFFICECODE</property>
                        </data>
                    </cell>
                </row>
            </detail>
        </table>
    </components>
    <page-setup>
        <simple-master-page name="NewSimpleMasterPage" id="3">
            <property name="topMargin">1in</property>
            <property name="leftMargin">1.25in</property>
            <property name="bottomMargin">1in</property>
            <property name="rightMargin">1.25in</property>
        </simple-master-page>
        <simple-master-page name="Simple MasterPage" id="7">
            <property name="topMargin">1in</property>
            <property name="leftMargin">1.25in</property>
            <property name="bottomMargin">1in</property>
            <property name="rightMargin">1.25in</property>
        </simple-master-page>
    </page-setup>
</library>
