<?xml version="1.0" encoding="UTF-8"?>
<!-- Written by Eclipse BIRT 2.0 -->
<report xmlns="http://www.eclipse.org/birt/2005/design" version="3.2.6" id="1">
    <property name="createdBy">Eclipse BIRT Designer Version 2.1.0.qualifier Build &lt;@BUILD@></property>
    <property name="units">in</property>
    <data-sources>
        <oda-data-source extensionID="org.eclipse.birt.report.data.oda.jdbc" name="Data Source" id="4">
            <text-property name="displayName">Data Source</text-property>
            <property name="odaDriverClass">org.eclipse.birt.report.data.oda.sampledb.Driver</property>
            <property name="odaURL">jdbc:classicmodels:sampledb</property>
            <property name="odaUser">ClassicModels</property>
        </oda-data-source>
    </data-sources>
    <data-sets>
        <oda-data-set extensionID="org.eclipse.birt.report.data.oda.jdbc.JdbcSelectDataSet" name="Data Set" id="5">
            <text-property name="displayName">Data Set</text-property>
            <structure name="cachedMetaData">
                <list-property name="resultSet">
                    <structure>
                        <property name="position">1</property>
                        <property name="name">CUSTOMERNUMBER</property>
                        <property name="dataType">integer</property>
                    </structure>
                    <structure>
                        <property name="position">2</property>
                        <property name="name">CUSTOMERNAME</property>
                        <property name="dataType">string</property>
                    </structure>
                    <structure>
                        <property name="position">3</property>
                        <property name="name">CONTACTLASTNAME</property>
                        <property name="dataType">string</property>
                    </structure>
                    <structure>
                        <property name="position">4</property>
                        <property name="name">CONTACTFIRSTNAME</property>
                        <property name="dataType">string</property>
                    </structure>
                    <structure>
                        <property name="position">5</property>
                        <property name="name">PHONE</property>
                        <property name="dataType">string</property>
                    </structure>
                    <structure>
                        <property name="position">6</property>
                        <property name="name">ADDRESSLINE1</property>
                        <property name="dataType">string</property>
                    </structure>
                    <structure>
                        <property name="position">7</property>
                        <property name="name">ADDRESSLINE2</property>
                        <property name="dataType">string</property>
                    </structure>
                    <structure>
                        <property name="position">8</property>
                        <property name="name">CITY</property>
                        <property name="dataType">string</property>
                    </structure>
                    <structure>
                        <property name="position">9</property>
                        <property name="name">STATE</property>
                        <property name="dataType">string</property>
                    </structure>
                    <structure>
                        <property name="position">10</property>
                        <property name="name">POSTALCODE</property>
                        <property name="dataType">string</property>
                    </structure>
                    <structure>
                        <property name="position">11</property>
                        <property name="name">COUNTRY</property>
                        <property name="dataType">string</property>
                    </structure>
                    <structure>
                        <property name="position">12</property>
                        <property name="name">SALESREPEMPLOYEENUMBER</property>
                        <property name="dataType">integer</property>
                    </structure>
                    <structure>
                        <property name="position">13</property>
                        <property name="name">CREDITLIMIT</property>
                        <property name="dataType">float</property>
                    </structure>
                </list-property>
            </structure>
            <property name="dataSource">Data Source</property>
            <property name="queryText">select *
from CUSTOMERS</property>
        </oda-data-set>
    </data-sets>
    <page-setup>
        <simple-master-page name="Simple MasterPage" id="2">
            <page-footer>
                <text id="3">
                    <list-property name="boundDataColumns">
                        <structure>
                            <property name="name">COLUMN_23</property>
                            <expression name="expression">new Date("1/1/2006")</expression>
                        </structure>
                    </list-property>
                    <property name="contentType">html</property>
                    <text-property name="content"><![CDATA[<value-of>row["COLUMN_23"]</value-of>]]></text-property>
                </text>
            </page-footer>
        </simple-master-page>
    </page-setup>
    <body>
        <table id="6">
            <property name="width">100%</property>
            <property name="dataSet">Data Set</property>
            <list-property name="boundDataColumns">
                <structure>
                    <property name="name">NO</property>
                    <expression name="expression">dataSetRow["CUSTOMERNUMBER"]</expression>
                    <property name="dataType">integer</property>
                </structure>
                <structure>
                    <property name="name">CITY</property>
                    <expression name="expression">dataSetRow["CITY"]</expression>
                </structure>
                <structure>
                    <property name="name">country</property>
                    <expression name="expression">dataSetRow["COUNTRY"]</expression>
                </structure>
            </list-property>
            <column id="19"/>
            <column id="20"/>
            <column id="21"/>
            <header>
                <row id="7">
                    <cell id="8">
                        <label id="35">
                            <text-property name="text">customer no </text-property>
                        </label>
                    </cell>
                    <cell id="9">
                        <label id="36">
                            <text-property name="text">city</text-property>
                        </label>
                    </cell>
                    <cell id="10">
                        <label id="37">
                            <text-property name="text">country</text-property>
                        </label>
                    </cell>
                </row>
            </header>
            <group id="25">
                <property name="groupName">NewTableGroup1</property>
                <property name="interval">none</property>
                <property name="sortDirection">asc</property>
                <expression name="keyExpr">row["country"]</expression>
                <property name="repeatHeader">true</property>
                <property name="hideDetail">false</property>
                <property name="pageBreakAfter">always</property>
                <property name="pageBreakBefore">auto</property>
                <header>
                    <row id="26">
                        <cell id="27">
                            <data id="34">
                                <property name="resultSetColumn">country</property>
                            </data>
                        </cell>
                        <cell id="28"/>
                        <cell id="29"/>
                    </row>
                </header>
                <footer>
                    <row id="30">
                        <cell id="31"/>
                        <cell id="32"/>
                        <cell id="33"/>
                    </row>
                </footer>
            </group>
            <detail>
                <row id="11">
                    <cell id="12">
                        <data id="22">
                            <property name="resultSetColumn">NO</property>
                        </data>
                    </cell>
                    <cell id="13">
                        <data id="23">
                            <property name="resultSetColumn">CITY</property>
                        </data>
                    </cell>
                    <cell id="14">
                        <data id="24">
                            <property name="resultSetColumn">country</property>
                        </data>
                    </cell>
                </row>
            </detail>
            <footer>
                <row id="15">
                    <cell id="16"/>
                    <cell id="17"/>
                    <cell id="18"/>
                </row>
            </footer>
        </table>
    </body>
</report>
