*****A new Report Start!*****
S:0 E:0 US    700    2004-03-02 00:00:00.0    

