*****A new Report Start!*****
S:0 E:3 CHINA    7000    7600.0    
S:3 E:3 CHINA    100    7600.0    
S:3 E:3 CHINA    100    7600.0    
S:3 E:1 CHINA    400    7600.0    
S:1 E:3 US    100    1300.0    
S:3 E:3 US    700    1300.0    
S:3 E:3 US    100    1300.0    
S:3 E:0 US    400    1300.0    

