*****A new Report Start!*****
S:0 E:3 CHINA    Beijing    2004-01-01 00:00:00.0    7000    
S:3 E:0 CHINA    Beijing    2004-06-05 00:00:00.0    400    

