*****A new Report Start!*****
S:0 E:1 0    0    CHINA    Beijing    2004-01-01 00:00:00.0    7000    
S:1 E:1 1    1    US    Chicago    2004-03-02 00:00:00.0    700    
S:1 E:0 2    2    CHINA    Beijing    2004-06-05 00:00:00.0    400    

