<?xml version="1.0" encoding="UTF-8"?>
<report xmlns="http://www.eclipse.org/birt/2005/design" version="3" id="1">
    <property name="createdBy">Eclipse BIRT Designer Version 1.0.1 Build &lt;20051019-0939></property>
    <property name="units">in</property>
    <list-property name="includeLibraries">
        <structure>
            <property name="fileName">C:\Eclipse\Eclipse3.1-test\plugins\org.eclipse.birt.report.tests.model/bin/org\eclipse\birt\report\tests\model\api/input/LibA.xml</property>
            <property name="namespace">LibA</property>
        </structure>
    </list-property>
    <parameters>
        <scalar-parameter name="par1" id="2">
            <property name="valueType">static</property>
            <property name="dataType">string</property>
            <property name="format">Unformatted</property>
            <property name="controlType">text-box</property>
            <expression name="defaultValue">123</expression>
        </scalar-parameter>
        <scalar-parameter name="par11" id="103" extends="LibA.par1"/>
    </parameters>
    <data-sources>
        <oda-data-source extensionID="org.eclipse.birt.report.data.oda.jdbc" name="sqlds1" id="3">
            <property name="odaDriverClass">com.ibm.db2.jcc.DB2Driver</property>
            <property name="odaURL">jdbc:db2://spmdb:1527/gui</property>
            <property name="odaUser">root</property>
            <encrypted-property name="odaPassword">cm9vdA==</encrypted-property>
        </oda-data-source>
        <oda-data-source name="sqlds11" id="100"/>
    </data-sources>
    <data-sets>
        <oda-data-set extensionID="org.eclipse.birt.report.data.oda.jdbc.JdbcSelectDataSet" name="sqldst1" id="4">
            <property name="dataSource">sqlds1</property>
            <property name="queryText">select *
from ROOT.ACCOUNT</property>
        </oda-data-set>
        <oda-data-set name="sqldst11" id="101"/>
    </data-sets>
    <styles>
        <style name="style11" id="111"/>
    </styles>
    <page-setup>
        <simple-master-page name="Simple MasterPage" id="6">
            <page-footer>
                <text id="7">
                    <property name="contentType">html</property>
                    <text-property name="content"><![CDATA[<value-of>new Date()</value-of>]]></text-property>
                </text>
            </page-footer>
        </simple-master-page>
    </page-setup>
    <body>
        <data name="data1" id="8">
            <property name="style">style1</property>
            <property name="backgroundColor">black</property>
            <property name="fontFamily">Arial</property>
            <property name="fontSize">12pt</property>
            <property name="color">white</property>
            <expression name="valueExpr">params["par1"]</expression>
        </data>
        <image name="pic1" id="9">
            <property name="height">50mm</property>
            <property name="width">50mm</property>
            <expression name="uri">http://www.google.com/intl/zh-CN_ALL/images/logo.gif</expression>
        </image>
        <text name="text1" id="10">
            <property name="style">style1</property>
            <property name="backgroundColor">green</property>
            <property name="fontWeight">bold</property>
            <property name="color">yellow</property>
            <property name="textUnderline">underline</property>
            <property name="contentType">html</property>
            <text-property name="content"><![CDATA[Design-text1]]></text-property>
        </text>
        <text name="text3" id="99">
            <property name="style">style1</property>
            <property name="backgroundColor">green</property>
            <property name="fontWeight">bold</property>
            <property name="color">yellow</property>
            <property name="textUnderline">underline</property>
            <property name="contentType">html</property>
            <text-property name="content"><![CDATA[Design-text1]]></text-property>
        </text>
        <label name="label1" id="11">
            <property name="backgroundColor">white</property>
            <property name="fontSize">12pt</property>
            <property name="fontStyle">italic</property>
            <property name="textLineThrough">line-through</property>
            <property name="textAlign">right</property>
            <text-property name="text">Design-label1</text-property>
        </label>
        <list name="list1" id="12">
            <property name="dataSet">sqldst1</property>
            <header>
                <text name="text2" id="13">
                    <property name="backgroundColor">green</property>
                    <property name="fontWeight">bold</property>
                    <property name="color">yellow</property>
                    <property name="textUnderline">underline</property>
                    <property name="contentType">html</property>
                    <text-property name="content"><![CDATA[Design-text1]]></text-property>
                </text>
            </header>
            <detail>
                <data name="data2" id="14">
                    <property name="backgroundColor">black</property>
                    <property name="fontFamily">Arial</property>
                    <property name="fontSize">12pt</property>
                    <property name="color">white</property>
                    <expression name="valueExpr">params["par1"]</expression>
                </data>
            </detail>
            <footer>
                <label name="label2" id="15">
                    <property name="backgroundColor">white</property>
                    <property name="fontSize">12pt</property>
                    <property name="fontStyle">italic</property>
                    <property name="textLineThrough">line-through</property>
                    <property name="textAlign">right</property>
                    <text-property name="text">Design-label1</text-property>
                </label>
            </footer>
        </list>
        <grid name="grid1" id="16">
            <property name="width">100%</property>
            <column id="17"/>
            <column id="18"/>
            <column id="19"/>
            <row id="20">
                <cell id="21">
                    <label name="label3" id="22">
                        <property name="backgroundColor">white</property>
                        <property name="fontSize">12pt</property>
                        <property name="fontStyle">italic</property>
                        <property name="textLineThrough">line-through</property>
                        <property name="textAlign">right</property>
                        <text-property name="text">Design-label1</text-property>
                    </label>
                </cell>
                <cell id="23">
                    <image name="pic3" id="24">
                        <property name="height">50mm</property>
                        <property name="width">50mm</property>
                        <expression name="uri">http://www.google.com/intl/zh-CN_ALL/images/logo.gif</expression>
                    </image>
                </cell>
                <cell id="25"/>
            </row>
            <row id="26">
                <cell id="27"/>
                <cell id="28"/>
                <cell id="29"/>
            </row>
            <row id="30">
                <cell id="31"/>
                <cell id="32"/>
                <cell id="33"/>
            </row>
        </grid>
        <table name="table1" id="34">
            <property name="width">100%</property>
            <property name="dataSet">sqldst1</property>
            <column id="35"/>
            <column id="36"/>
            <header>
                <row id="37">
                    <cell id="38">
                        <label id="39">
                            <text-property name="text">account_id</text-property>
                        </label>
                    </cell>
                    <cell id="40"/>
                </row>
            </header>
            <detail>
                <row id="41">
                    <cell id="42">
                        <data id="43">
                            <expression name="valueExpr">row["account_id"]</expression>
                        </data>
                    </cell>
                    <cell id="44"/>
                </row>
            </detail>
            <footer>
                <row id="45">
                    <cell id="46"/>
                    <cell id="47"/>
                </row>
            </footer>
        </table>
        <extended-item extensionName="Chart" name="chart1" id="48">
            <property name="height">250pt</property>
            <property name="width">400pt</property>
            <property name="dataSet">sqldst1</property>
        </extended-item>
        <label name="designlabel" id="49">
            <property name="style">style1</property>
            <text-property name="text">DesignLabel</text-property>
        </label>
        <data name="data11" id="102" extends="LibA.data1"/>
        <text name="text11" id="104" extends="LibA.text1"/>
        <label name="label11" id="105" extends="LibA.label1"/>
        <table name="table11" id="106" extends="LibA.table1"/>
        <image name="pic11" id="107" extends="LibA.pic1"/>
        <extended-item name="chart11" id="108" extends="LibA.chart1"/>
        <list name="list11" id="109" extends="LibA.list1"/>
        <grid name="grid11" id="110" extends="LibA.grid1"/>
    </body>
    <list-property name="images">
        <structure>
            <property name="name">load_pic255.jpg</property>
            <property name="data">
                /9j/4AAQSkZJRgABAQEAAAAAAAD/2wBDAAYEBQYFBAYGBQYHBwYIChAKCgkJChQODwwQFxQYGBcUFhYa
                HSUfGhsjHBYWICwgIyYnKSopGR8tMC0oMCUoKSj/2wBDAQcHBwoIChMKChMoGhYaKCgoKCgoKCgoKCgo
                KCgoKCgoKCgoKCgoKCgoKCgoKCgoKCgoKCgoKCgoKCgoKCgoKCj/wAARCACBAN4DASIAAhEBAxEB/8QA
                HwAAAQUBAQEBAQEAAAAAAAAAAAECAwQFBgcICQoL/8QAtRAAAgEDAwIEAwUFBAQAAAF9AQIDAAQRBRIh
                MUEGE1FhByJxFDKBkaEII0KxwRVS0fAkM2JyggkKFhcYGRolJicoKSo0NTY3ODk6Q0RFRkdISUpTVFVW
                V1hZWmNkZWZnaGlqc3R1dnd4eXqDhIWGh4iJipKTlJWWl5iZmqKjpKWmp6ipqrKztLW2t7i5usLDxMXG
                x8jJytLT1NXW19jZ2uHi4+Tl5ufo6erx8vP09fb3+Pn6/8QAHwEAAwEBAQEBAQEBAQAAAAAAAAECAwQF
                BgcICQoL/8QAtREAAgECBAQDBAcFBAQAAQJ3AAECAxEEBSExBhJBUQdhcRMiMoEIFEKRobHBCSMzUvAV
                YnLRChYkNOEl8RcYGRomJygpKjU2Nzg5OkNERUZHSElKU1RVVldYWVpjZGVmZ2hpanN0dXZ3eHl6goOE
                hYaHiImKkpOUlZaXmJmaoqOkpaanqKmqsrO0tba3uLm6wsPExcbHyMnK0tPU1dbX2Nna4uPk5ebn6Onq
                8vP09fb3+Pn6/9oADAMBAAIRAxEAPwD6poryL4mePLpL6fRtEmMKwnZcXSH5y3BKIR0x0J65yBjFeVX1
                6xdpbqeWSVurO5Zj9Sa46mMjCXKlc5qmKjB8qVz6yr58+Kmvvqfiq5tpLhBaWcggijL4QNxuY++SeewF
                cjp3izUdMdDp99dW4U5ASU7fxU8H8q9Y0LXdN8U2H9p3Wi2tzc4EFwogDBHHJzkE4YYIJ+naufEYj2lN
                2THD/a/3cXZnjGoR3ccTzGa2aJTtxFMrE/h3r3b4Catd6l4RnhvJDKLO4MMTHqE2ghfwya8k8awaPpWp
                3k99pU8KFEa2srWMxvK25wfn6KnC5+o+lb/wz+KvhvRNHksE0W8sNUlXe0bPvSefH3A2SVwO5HQevUwr
                5ZNvRIaw6w7vzL0PoaivnTVvHPiHUZndtSmtYixZYrY+WEHYZHJ/E1lxeOdbtJt6a3fsw/vylx+TZFb/
                AF6F7JMj63C9kmfT9FeX/Cz4itr12dJ1iSM3xUvBMAF84DqpA43Ac8dRnjivUK6oTVRcyOiE1NXQUUVw
                3xG8bjw4q2Viiy6pMm8bvuwqcgMfU5HC+35k5qC5pBKSirs7mivmm98YeIJ382fW71TjH7uTyx+S4FRW
                fxD16xb91rF1JznE5Eo/8ezXKsdB9Gc6xcG9mfTdFcn8OvGEHi7SGlwkd9bkJcRKeh7MPY8/TBHausrr
                jJSV0dKakro8R+NevySa0NK84LZ2saySRhvvyNzyPYYwPevMr6G62ySRXFmYY13Hy51JI9h1r6U8WWNq
                08N3c6XDfIoKHMKuVY9CeOmMj2rxLx/Z6Naan9rvNLksLAwyEJa25EkzgphY8YCnknP16V5GIv7Zppmb
                wLq/vHJWffodf+zvq93cw6tp08he2g2SxA/wFtwYD2OAcfX1r2WvnX4MfEDw3puqLp8+iXelahfyiH7Q
                8vmoAWxErHPf1xjJr2Hx74ug8LWMZ8sT31xkQQ5IBxjLMewGR9elejSkoUry6DjanCzd7dTqaK+bdQ8Z
                +Irt/Mn1i6jxniBvJUfguP1zVO28fa5ZSFotavXP/TV/NH5NmsljoN6JmP1uF9mfT1FcB8MfHa+KrWW0
                vSiapbqGbZwJkz98DtjgEfj345Lxp458XaPLcQ3194b0WQAtDbl3uLmQZO3CgY5x1xxXR7WPLzI1lVio
                8/Q9oLgdTUlfMuj+KrrWG0mbxB4h8Vf6ZcJDmzhS2t0kLY2+Z/FjvgetfSpc7c5xxmnTqc4U6qqaoloz
                WJqfinRdLBOo6pZ2uP8AnrKq/wAzXIX/AMafBdnL5a6hLdsDyLaBnA98kAflmq549ynOPc8UurkwmQ3I
                kWcku4kUhsk5JOfc1BLNoNzHGzTXqS7FEnQqXwcke2duB9eRX0jfXVvb61evej9+CoiLLkiIqPun0Lbs
                +9eb/FiTTLnRdRmhs4ftSWcsiyBFByMck4zxwAfevBcoxrOkEctly+06PyPJ9WjsI7jbpk0s8ODlpBjH
                zHA6Dtg/jjtXsn7Nzf6Nr654EkJx+D/4V5z4ptvDXhW3F/4nkVb2RSY9N052UPk/wgnccY+8SB14r0v4
                Z614Ma1sNP8AC2q2lnrV5Gj3GYWMj5XcYwXONwzjqeh4NdmDfPLmW39bBLAyw005NeiOM/aK1NbXx4AZ
                CwTSlURhhuLGRjtVerZHftXlXhQ2mrahHeXZMV1bqCkIbgEZGW/2h6dOle1X3w217WPim2q3OjW9jp0Y
                SO4uEvzNJqMZYgksRlGChTjAHGAeam8ZfC3TYdP07UtCjvdGunulSaKcLcfu/mLjb82WYAY+Ydq2rUn7
                0tvMznRc20upwkbWN2syXOo/ZGUqE/dlg2T8xJHTA/OqV1ptpHYtcx6pDLIB/qgvzE/Lx1/2j+CnODxX
                uPiDQPCc2mzE6ZZLKqfLJHCEZTjAJK4JxXk0XhWLVNR1eGyjaztra5KpetLkKDGjbRGeSRuJJYgc968y
                nVi482yLjldRvkVr/NFL4esU8d6Aw6/bYh+Zwf0NfW9fOHw2sPA9zr91O/iRXOkyoN8l0sAabJI2nA3A
                bTyD1r6NjdZEVo2DIwyGByCPWvXwifJd9Qp0ZUbwk/uHV8v+KtTS/wDEmrXjTBxJcvtOf4Adqj8gK+oD
                zXG67pOi3GvltQsbEmKFZF3wrl2YsCTx82MAYORzWePSVLmeyCpQde0Ez56eLT7y2id9VEMxzviaP7vz
                ADBzg8ZPOBxis7VLG3s1iNvfxXZk6iMfd+VTz+Jx/wABNexeM/DvhVrYNbadbQTEMMwIUB+U4GFIHXnP
                tXmdh4ctZfD1rreq3R0Ww+zpLKzyrK0o2A7umEyTkKNx+lebGrHlUugLK6krxja69Udj+zqxHivU17NZ
                ZP4OuP5mvoGvG/gla+EoYbfVtM1pJr+/V0hikulDmPdjBiwDklc4IPavZK9nDpqFmOnB01yvoFeE/tKX
                62mp+GQZggVLl2UsF/hULgH7xJ4wK9vvo7iW2ZLOdIJzjEjR7wOeeMjt714Z8Rvh74k8RePbG5s9Lt1j
                tFZxrEl7vkuFGP3JQjEWcuAQCB1q6seeDiOceaLRwHwM0zRvGHibyde+0W8ts2+2gV9plKtvxJ6DoQB1
                weeMV3/xlmH/AAmr+Y4+S2jUAnoPmP8AMmtzVvhXZvYXd94XGpaFr1q7G1naYOHcYxJj5sg88cE5I4zX
                U6tptjfR6Kmuww3Uv2cvJNc26pJK6heoH3erEqDj8BXJiIctB30sZewdSPs1ofPpFjeWrmXUhbThyBG0
                ZKlduQcj1PH61S1LTrW1tVmt9SiuWYgeWq4bkt1wT0CjP+8MZr2zxT4f8Jy2hddNs4pd4/eQRbDyeeFx
                nPT8a8o0vwtHqVjLdSP/AGVaW80yNdPMr+YqSsOFPCABcZJz7V5sKseTm2Rayuo3yRtdLzRpfBJivxG0
                /HRoplP08sn+grR+LOtWU3xN09tOn1H7TDFLYXf2ODMuTyqJuGGJLY49q0Pg5beCpbv+27XxAsk0Vw1t
                a+bdLEXYDDHZhSQdwA6g16z4q8Iaf4mk02S8luYJbC6W7ie3ZVJdemcqePyPvXq0qblTsZSw8ow9m2tz
                5kv/AA3rml+Epru80W/tbe0uPPhubq8C+WhPAEGcbjnlh719A6JZaj4x8AmHxVPCo1BVlVtNZk2xHayA
                E8hvWum8Q+G9K8RWKWetWiXdsjiRUckYYdDxVLxJrFt4P0q2ePR725swyW4WyEQEO50jQEO6cFnUDGe+
                cAZrWFLkdx06Hs23fQwdK+Eng3T2z/ZK3Ug/jupGlJ/M4rsbDSNM0+LyrGxtraP+7FEEH6CsOz8Zm9t7
                9rXQtU+06fexWd3ayeWZE37CXHlu4YKrgnB7H0rT0DWjrGoazFFalLSwufsiXJkz57qoMmFxwFY7c5OS
                D6VooxNVGK2Rb1bSLPVRH9rjJaM5R0Yqw9RkdvbpXH+OPC2j2vhLWrmaKWUpZzcNIRuyowCRzjKrx/ia
                7+uU+K1ylr8OPEckkXmg2UiBc4+ZhtU/gSD+FTOnB3k0rmvtJqPKnofJd9BZ3duNWn3z3U3DNc5kd4w2
                AST7c1k3Nh9mmaO3WUM4DWhRGZ/NU52ofUHafxFRarqEsWh29jp1xDqV1GGiklgbKpg8bsjAyTgAZztr
                6J/ZTit7rwVd6lKPtGoG7aN5pFG+PCJmMcfKM84965KVNt6s44QlJ3kz2Dw5Nd3Ph/TZ9TiaK/kto3uI
                2GCshUbgR25zVu9tYr21kt7hN8Ugww6VxHjj4h22gXJsdOiW91FSPMQthIh/tEdT7CuAuPib4mkmZ4pr
                WFD0QQhgPxPNb1MTTg+WTuaTxEKbs3qemXPga3ngeGS+uHjZSpDKMnIwMkY6da8C+J9kn/CV674dh1O4
                Wzkdbm5jLKiu+yMHcQM7eg2/7J712ln8VPEFvITdNZ3K/wB1k2fyrhdcj1LxN4v1fV9PsjL9ptRJJaW/
                zyqyAZKKTlwcZwvOSeMAE8b9i1airP0KqY6daNoydzzq50m0tovNt41RI5BHJGD8pwcZB7dj9K+jv2Y9
                Zu7rRNZ0i4ma4ttOnQ20hYsFR1J8sE9lK8DtmvnbwVrS3XifOpxMNLjcTT2oTElxEeGUEngEfjg4yOtf
                cPh230y30a1/sO2t7bT5EWWJIIwikMAQcD2xXXQi09XqRSi09WaVZut6RBq8CJMzxyIcpLHjcvr14IPc
                VpUV0SipLlktDojJxd1ucZd+CLVwZJ76bCAncFA2gqyn25B7+gr5W1a2j1rT4WuruW6tNMXyLa2lYBVV
                VHAUAZYDAz14NfaWqSQw6bdyXW7yEhdpNvXaFOcfhXw3NfS6b4bLXaAyyTnyY0ZWdhICyggHOcDJPuK4
                q1GNO3slYjE1qs/tNlZrCKzuo/ImMKMheGXftaJhyCCOfp9K+yfhLrV14g+HWh6jqGTdyQbZWOfnZSV3
                /wDAtufxr5s+AF5pmpa9bJ4rt4byCdhb29u8QMcM4OFZwfvEgkDsN3TuPr+JEijRIlVEUBVVRgADoAK3
                oJq92Z0k1ux1FFFdBsFU9W06DVLNre43AE5V0OGRuxB9auUUmlJWY02ndHHy+CIJSnmX0zbGVl+QcMGB
                zx9Mfia+avF9jDqGoapogv5pNM069lZLeVlVGZpHPzYA3EnJGemRjFfYpr4p8RXy2mp+Kr4gLYSX0ktq
                CymRl8woMrnJyemOwrhrUIU0vZpJk4ivWmviZzj6bawm2liULbzHDIzYCHHr1xntX1b+z1rd5rPw7iXU
                ZnuJbG4ktFuHYsZUXBUknrgNjPtXzZ8JdVsrjxHGfFEAl0iOXyprIoP4jlHfJ5UNgkD09sH7Zs7a3s7W
                OCyhigt4xhI4kCqo9gOBW1BNN3ZlSTW7Jq8c+Pi2D33h2C4TRftN1cxoXv5nRlijcSH7vAQ42k9cuAK9
                jriviR4Zu9bbRbrRI7WLVbXUYJWvJYg5jhQsTkZUsASDtBGa3mro1lscD4c8K20ug+IrnS7HwdrbXF55
                rwtNI8Fqqw4AXdGx3jJIyBw55rpfgNpUlp4O0y8k0bRLMXFjFsu7LP2i4GM5m/drz0P3m5zUukfD0yv4
                iuPF9rpOt3t1dNPaTNagAboY0OEYtsOUHc9Ac1p/C7wdZeG/DekSTaNZWOvLYpb3csUaCRjwWDOv3uQD
                nJ6UoqwkjqNYvLixsxNaWE2oS71XyYWRWwTgtliBgdTzXjXx41DQn8PXWn+P9eaxuntxd2mkWLOBIwJA
                Dtj97lh0O0DGcd69zrJ8R+G9G8S2T2mvaZaX8DKVxPGGIB/unqp9wRVNXKPlr4I+GG8Trc6HcXS2FrDb
                Ld2rtBiW8t3YhZAuRwCCCeecV7Umkx/CnwBqa2Ny11LcTZiLxhP3jKF5x14XOa7lPDOjJpCaYunQCyS1
                +wqmORBjHlhvvY/GuS+I/hi8l8MafpPhexi+x20m8wBsYAzjbnryTXPOkqcXKC1MnBQTlFanieCoYu7O
                xOWdjkse5JrPv7tk+VVZfcjrW1P4e8RTi4hh0a7d4TtkVQMg+3PNR6hrWvWhWPVNJMckKIil4drKF5GD
                615EY2eu558aMnrJP7jlTMzHkmrWlandaXqdre2crRzwSKysD2zyPoRmrmqeIhqNiLb7JDAxVMyAdlzn
                HpnPP0rEd1C8sDg9ua3jcVuWWh6v4m+DF1f6jPrvh5rBUmT7Rb2pGwrvAZ0XACgZJwDxjHua0vhV4p8Q
                6B4wi+HOuaE7mKI3MV3DcrKIIDk5k9BuyAOvIGCOa9g8NypP4f06SJtyG3jwf+Aio7jRy2txajaXRtGw
                FuUjgjJugPuh3KlsDnGCOpr1IU4xfMj04wSd0atVtTvY9OsJ7yZJpI4VLssMZkcgeijkn2FWaK1LOM1u
                9uNXW2tp7uLQdOunAAuyoub0BhuiWNvuqy8H+PDdFNQan4N8BeH7C51G88P6Pbw7cSS/ZELPnt0yc+ld
                Hr/hrR/EEthLrOnw3cthMLi1dwd0MgIIZSORyB+VeM/FjW31bxTJZKSLTTf3Srk4aT+Ike3QVhiKipQ5
                mZ1aipx5mZeoazpIuJ20Lwro1grSBlma3UyNjoxGMZrQPxL8ULjN5bf9+FrjJ5fLUkBmPXAGcViXF08j
                dTXlxrVZO6djzfbVG73se06V8XrqOaJdVsoJIM4kkgYhlHrg169p95b6hZQ3dnKstvKoZHXoRXxkJG7E
                17d+ztq9zNDqmlzSb4INssKnqgPUD2zXbh60r8s3c6sPWlJ8sj2emzOIonkIZgoLEKMk49BTqK7jsOM1
                fXLnVNID2dz/AMI7Y3A8sanqKiKVWZePKifHzZ/v46HAavk/wbottJ8R5dG0+4ttcmu52gt9TmYnDJu3
                gkggZALDGePWvs7xN4d0jxRpbad4gsIb+yLB/KlHAYZwQRyDyeR61zPhP4UeE/DFgbOwsGlgGoLqcQuH
                3mGZRhSjcHCjpnPU1nUpqorMmUVJWZ5Pf/AzW7PzLvT5NOubhgsbRRko2z0BIAwPf3+ldt8GfGut3+sa
                h4M1/RJIbvQUEct9HcLNHjjy1Y/3yvp6HIFelaPpC6XJeOt7qF0bmUykXdw0ojySdqA/dXnoPQVynizX
                dN8C6rBqN9dzwWuoOytaW9rHtllC5MjtgMWxgZJ7UlCNP3hKEYao76iuA8P/ABU0DXNT+xWq3sTeU8pl
                niCRbVGSd2aw9N+OOh32qywfZbuGwR2X7bJtKMB0IUZbn6Ue2ha9x88d7nrdFYXhbxXpHimCabQ7wXMU
                D+XIdjLtY8gYYCt2tE01dFFLV9Ts9IsZLvUJ0ggTgs5xk9gPU+1eYaj8XnP/ACCtK+XP3rl8bh9ByK5T
                4j+IZPEPiOdUkY6dZuYoY8/KzDq+P0/CuQubhYVyx5rzK+MlzctM4a2JalywPTV+Luqh136XZbc84ds4
                9ua6nwz8RbXxDeHTTZzWt5LE5iJO9XYKSRkdOATz6V85T3ru3B49qbDe3EEqSwzSRyIwdXRiGVgcggjo
                Qe9KFeqneTuZwxNRPXU+m9M1S0t9Ltkyd6qFdSMEP/Fn3zWD4u1WC6WKMxux2Ps2t045JHpWf8L4pfGG
                hPd3lzIl/bSeRK/BE4H3Wbvux1PfvXVSeBI3cSyXrCQbwXC8hWGCB2965oYGtzupGzWtrnvqrh5Ula6e
                h4r4b0S31DwdZ33iu5s10xYf3aRqIgqhjy8nBJ9qseAPG3w/l8V3Ykht7Kx0+PdHPLCCtw+cfLxnjNcP
                qenHW4TpAv7i40/Tz+4tmIVQu44DY69+tc3d6Rbi3lltEEMsO5XQfdOOvWtaMIxm5Sd3fRdEc9fMISXJ
                CPzPuDw1r+k+IdP+1aHdw3NsDtJj/hPoR2rJ8X+O9L8NubZt15qIxm2h6oDzl2PC8duvI4xzXi3wz3+D
                fhrf65ZziO68QtHb2sK8mHyy4MhPTPzngDoq884GLI7M8ks0jSSOxeSRzlnY9ST3NdVfFuCSjucFbEci
                SW7PR3+Luq728vS7MJn5QztnHvzVmw+L8w/5COkow9beTH/oVeOXl+BlYzWebmRjnca5416z1ucqxFXu
                fW/hfxLYeJdON1pzncvEkT8PGfQj+teG+LfDniS11S9vbvTWkW4uGcSQsGBLHgetYPw48R3eieL7GSJt
                0NzIIJ0J4ZT/AFBxX0Pr80dvrljJcZEXlOqNjjfkfrjNa1pqpRc5bxO2nBYpJM+fvsfivQWuZ/7EuhFN
                F5UjNGHXaeeOazz4pmhklW606Jd6MMKm3bkAblGOvFfQ1xrkCo3lAlgDjmvG/EP2jUfFeiRaOYIDNDch
                nuk835eMlRyCeeM151KsqkW3ZWOv+zZQahdq/lc4G/vBfXs11tjiErbhGnAQegFepfs5zxr4h1aMt872
                67Rg84b1rlfF154M8DJI97brqOsS4BhGGfP94r0Ue1et/D/xn4Ht7PTtO0/UrKO+uEVmUR+WS7DO0nGM
                5OK7sH7757WXn1MqmB+rTTc02ekXt1BZWstxdypDBGNzyOcKo9zXmGr/ABciR5Y9H05pgrbVmnbare4A
                5xWH8YPEMmpa42jwSsLKzx5yg/LLIex/3f6155PKsKZc1eIxclLkpnHXxLi+WB6V/wALd1fjOmWP/fbf
                41uaV8XLGaeKLU7GW1Dna0qsHRfr3xXgVzfO7fKcD2qD7RJ/ePPWs416y1bMY4iotz7PilSeFZYXV43G
                5XU5BHqK8M/ant5bnRtCEEE0rC5kP7tC20bO+OlbP7P3iC6v9OvtJum3pZYaBieQh/h/Oq/7Q95dWreE
                RZ3M8G/UlWTypCu8ccHB59Oa7pT56fMjvclKHMeGeFLe61m9uYdOWO1Vrc5j80rHtUKH3Ox43dcE46jp
                TZb2wtYrmBvLluEcrHJFISowTuwBw2ex9Km8O6dJ4i/4SBJ5oI7exhlneMsVaQgPtCgDDYYA49Kz/D1z
                oi6fJBqWiyXl45GLr7QyCP0AUDHr96uFx6s5JRTR9Ffs8pZw+F3dNQtJ7+8k8+W3hlDNCMYCsOuQOue5
                r1qvGf2cbCyXTtUvY4EF4bjyDJ/sBQQo9sk17NXoUHeCOyl8CPlO9tr+xmKXunXcMzucK0R5Yk8A96qw
                asdOiuoL/SGlEzqd08TKUx1UEjvX0hfyxHxFOLpwRDCjRI3QZzlgPXgc1S1u+sJrCZJlSYbT95A2Pfmv
                ErTjSqumtQp5c2ueLZ8+w65oeJBcaSoG4YwBwN2Sue+RxmufkO+R3CBFZiQo6AdhXa39h9v8Yz2WmafZ
                z28ljGzz3HyCH5yCwVcEk4qrremeD/CTwwaxeyzaheSgRxs5wpOByF+6o96vnUZ8i1flqV/Zk6kFUUly
                +eh6R+zfIh0jWUDqXFwpKg8gbT2r1y8jM1rNGrbWdCob04rmfBFp4Y0mIWGgz6e10EHm+RKGdyOpPOai
                +KfizTfCfhDUbrUrho3eFkhjjBaR3IIGAPfv0r2aceWCQoR5Y8p8oaLcxyPryKP3sd0wds4DYJ6VkQ67
                ENTntba1e8lZ1YoPuYzzuPp607w9NqHiO2u7OwtLOyslTyJZ5VzOuTksP9o+tU4vD8uha5DJZSI+MrMr
                Hhk9cnvXDaClJPfscloKTvv2Pf8AxF4eudL8IeGrHSrea/sIEluWngG9VeVixUAc4GcCuIuXudgeOyun
                RHAbELEZB6HAr2z4YzNB8HInt3ZTGs+xweQPNbmulhurK0t0SJ0CEZ+X+L3PrXPjZRpuM31OiGD+sPnV
                z5zvfEen3M0ks+iwwyFuirgD5cY2n881S1u/029VV0uyFuwfcx7hdoAX88nPvXqXxRbTZtM1KWOGMTra
                OVxEo3EDOc469q5Cz8Iw6pptvqOuxwaRAscchjtpeSoUcyOTjn2rL2kYxU5dTaOWzq80Yy1W90chpDqm
                saezsqqLiPJJx/EK+wtSsbfVLF7e4G+JxkEHkHsQfWvBfhavw91a/v72Oe0a1sHESm8lK73PO4Bjgjiv
                oC0kgmto5LR43gZRsaM5Uj2NerhYPk95b9DOnReHbje/ockfBPCq1+7xggncoyw9DivL/i/o6+EYdGvL
                PU5oLtFnijZVGFjOCwGR1Of0r6Cr59/auZLZPDU85LwvcNH5Y65wDn6UTwtOMWoRRvVxFaS+JnjWo+G7
                a1uDcXitcNePkzytufceev8AjWYNKVLx7NsvmPdFJnBX3471r+L9Qhs0aWZjtyHGDnI9q6z4SeGNO+JG
                pTR6qs1jbW4EsbK4Sa5BGMD0Uda56SnNK7POhzz1L2pXs+p3FxrYs7gWt/K0ySBdy8nGMrkZByCM8EEV
                Sh1KXS5rlrzSZJUli8v9/CwCZ/iBx1r6Ci0jTfDw0nRLJBDpdtBI0ULHIZ92STnqfmY/jVm91CyaF0kC
                zLj7jKGB/A1xYmcaNVxerOqllzqPni3c+dE1zRi8ol0lIwyHbgA7GIAByevTpWLfyw3F7NNaQiG2Zv3c
                YOdq9vxrtvE1vHN4n0m30jTrW8aeK4V1nxEi4wdxxgnGe3NUtf0Xwr4Rs3v/ABJeyGSXASCNiBn0VRzj
                3NVKahLl3b7alRy2daHPGSt5qx1X7OciLr+sIXXebdSFzyfmrp/jX4N1nxW+kjRY4JEhMnmieUxgE7cE
                EA88GtT4bWnhPTLGz/syfTf7TuolkOyYNIQw3AcnPAPSrPxO8dW/gjS7eV7aW4uruTyYI8bULdfmbt9O
                p/WvVUEqVpkKmow5WebaN8FdS0oT3slzaS3aQyiOGEMfMYoVxubAHJ61zP8Awq7x8mm3cWn2wsoJB+/t
                vtigXPGB8qkqfxIr2uz+J/hltGsb7UdRjsTcgr5UwO4OuNw4HYkc+4rG8afFqw0+1tZPDUlnqckjkSKx
                YbVxwenrWbhSXvXIcaaV7k/wI8Oa34c0DUIfEVr9muZroyIvmK+V2qP4SR2r0+uU8B+LbLxRp0bRXEBv
                0jR7mCMn90Wzxz9K6uumly8q5TWNrKxj+I9FTV7dfLk8i7j5imxnHqCO4rl7jwZqFxE0UtxEI2Vg2wkE
                5HGPTmvQKKzqYWlUkpzjdo6YYmpTi4Reh83fEW21Lwf4ihksr61W7vLCO3Y+XzGoYgFefvE143e+FwLu
                Q6hPPLqMpMguZTkufXFev/tFv5XxL0BLtyI5YQYgD1IbofxrzPxHqUdrdwyXs5URyEfNzgHsK43B0qnL
                BWOHEV6s5crbMnTjf6VdzXWmXE9tqtmRJHJEcD1z759K+i/Gnjbw74HtLLUrrR9R8Qpq9ityupPEWR1I
                yoIYYTIIOAB15Fed/DH4ex/EeKfUYb6502yicwzMFy9we2AfugDIzX1Bpuj2dhodlpSRLLZ2lultGsoD
                ZRVCjOevArtoqSWpVNO2p8UeEbS41jULXxcdPmt/DcuoLY6itqSzHcchgB6cA19Wf8Ir4Bk1A6V9l0xr
                7bk2xmzLgjrjOeldTomgaVodk1ppFhb2lq0hlMUSYUsepx605NE0xNWfVFsYBqLgK1xt+cgDA5+lWqUV
                0LUUjH0DRIfCq6dpVi97Npr+bEsPlo0cZJMm92xuHQoOcHcMjPNSah4TtpE/4l7tbMOiElkPX15HOPbj
                pW/e2yXltJBK0io4wWjcow9ww5B9xU1TUoU6seWaujalVnRd4Ox5T4m8CXUmi6rJc3sSK9jIksmCwAGT
                lR244rwHxMNV8UWVvDe3m/T7FVj+y2oKo2FGC3PXGK+t/HSSv4O1kQff+yyH6jac/pXx74cvEPhzzreZ
                8NM3mtnv6fSuOvRjRadNWMcTiqrWsnY5640eKzgE9oSbRiNy9Svv719Vfs2W9zbeALgXBuDA1/I1r52f
                9VsjHy57bw/45FfM+kXtlf3sOjYe4mnn8kRx8BSehLdAB1r7L+Hfh6bwr4N03Rrm6+1zWyvvmxjcWdn/
                AE3Y/CuigpN3kZUVLeR0TsERmYgADJJ7V8lftF+PtPvfG1raaNGNQlsYjAXkUiBJXPUE9T05HFfT/iqy
                t73RLgXsU89vCrTNBA5Vptqk7OOefTvXyb8UfH+leO9Q0fw3o/hWWxupHMBW4jETq7EBOmM46/jW1SPN
                G1rmsldWOZ1/wrdajEt9rD20UojEYgtxhIwB94eretX/AAHqF74ek0+6bElzYShoth5kj9Me44r1v4Ke
                HNIttB1qDx9CBq2kXXkXMt45WEIPuMrEgEHn9K76++GPg3xFbW13p0aQxDdiaxl4lU9s89+4rmVGraza
                MfZ1GtWdUyWfizw9b3ETjbMglikQ5MbY/p0Irnz4Q1IhUe5hYZ+d1BUkd8DsTXn3wL8B+JPDPj7X5vtu
                o2/hOB3gtrW8O43OcHeAegB7jGfzr36tamGpVWpVFdo7qWIqUk4wdrnz18SdIvfBraJqUF5afaYUngjS
                RCw2tglicjJGRXjGt+H5LvUpL3Xbq4u7q6bKzueAfQDpivbP2q38mPw41y5W0knaPIPOcDI/GvI/Fd6s
                CE3ExWNGV13HgD1Fcc4eyqWpqxx4ivVlJRbdjn7ayntb4xxzSx3kaB4JoSVOR0Oe2K9d1P4oT6t8N9Fs
                NV0mHVprxZra8aeQoRJGVw4IHB+YHPqK534ceFI/iVqVwun3c1ilngy3e3O9CPuIp6885r1bxx4d0bwF
                8JLvS7ScjzJUbfM/zzSF13H9K2SmoNsmKko3ZxHiDS7PX/hJba2dHubZtGeW2jtrKYOgUlcyyFhubpzj
                nnPSuFh023k8H2epadLfxXn2p7a5EnMLYXcDEQOeMZHb+fvXwE1jTZvCtzpkk0JmWZ3MTkfMjY5weo6j
                8K84+Iy+IU8QXHhqy0kSaFZTFtPSytvLRUYZALdDjOCfXNQ7cnMTJJw5up6z8D/B1noGjDV7e5uZrnVY
                InlWUgqpGT8oAz/FXqFcn8O5oIPDmmaU11avqNraoJ4IpldozjByATxnjPSusrso/AjoirJBSMcDrior
                1pktJWtUWScKSiMcBj2BNcHrs+oDwzc6v45mOlaVbIss9nYN5jkZAId/4lJPQAfWtSj5/wDjh4v0rVfi
                hNHYL/bc9uiWtusL/JG2cvhhxnk9K4LxV4b1O/ll1C6AthJ80NuJN6w46KT3NdP8RtS8K+K/FlnafC/T
                pRqOwSwtbpsDzDk5B9sfjXrvwl8F6D4x8C2mrazdT3F5IzJPFvCCCQHBQjHUdfxrklCpz3gvvMZRnzXi
                cF8IPFdx4f1rTLu+EsEE+Le6hycc8Bsexx+Ga+twQVBBBB6H1rxnxD8D9Nl8ybRtVudOj8ghtw80hgPv
                A/zqp+zPJ42uLPUG8S3slzoNuxtrFriPbJIVbBYd9vHfNaUYSgmmVTjKN0z3KiiitzQKKKKAOA+OfiOx
                8O/DnVWvb5LSa7iNvAM/PITgEKOp4J6V8k6d5+vaNNaeH9LaxtGKgXjynoo+YBc8knvX0V8cvGfgGxkv
                tL8VQtd6xbW2+2heNmVWYZUoegJOMn0A9K8R+E1h9s8VaRbXMl3p/hXW5HNrI/8AHMoG6NTjgk9K5q8J
                S+Fa/gZVFJ/Duct4e0270XWpINrvBcL87g5aJh0ya+xvgv4iXXvBcCSzNLfWDG2uN5yxxyrdckFSOT3D
                elZl38GvCtzBNHEbpJ2UgSCYEqexIxzXGW+j618KPH/h0aTcXOvWus5srvTkjKCNAQ3nqc7dy8/e6gsM
                jOQU4TU+aQoxkpXZ9BVk6h4c0bUb+0vr3TLWa8tH8yCZoxujb1BrWHIBxj2orpNipqOm2WpWc1rf2sU9
                vN/rI3XIf61JZWlvY2yW9nCkMCDCogwBU9FAGPP4b0yfxBHrUsLNqMahFk8xsAD2zitg8CiszxNHFLoN
                99ourm0gSIySTWxxIqLy2OvUAj8aAPm39pvxdpEni/TtN8wanLYxNmzibISduBuI6EYHHWvLPEeg6nrU
                aXdzAbC2EYRbbzi5Ugcuxz39K6z4s+IPh74km02w8FWMrancMQ08UZRzJ0TcTyTnOa774J+ErPxXoWoj
                xfcXH9safcm1urPcE8kr3bjnd/SuSpCbneC+/wDQxnGTd4nm3wy1+98NzaffTCSI2T+XKqkgTRd+O/H6
                19DfEn4fWnxIttF1C3vGtZIiredjO+BgCVA6bumPeqWsfBDRrkwSaNe3Fiy5DknzAw7Y9CK5f4CWvjex
                8b6zpM+qS3vhDS5XgE1zFt81+oEffjPParp05K6lsOEGrp7Ees/s+XIucaHrq/YyQfJu4zuUd8MvB/IV
                MPgjrqx7RqtiBjGMSc19CYGOlGBTlh4SH7KJ5T8HfhpdeB9U1a8vbm1uDdqiRiFWBQAkkHPbOK9WoxRW
                sY8qsi0rAayPF3/Isan/ANcGooqhnxr8Df8Ak4uw/wC23/oDV6d4r/5Jfef9h9/50UUkB7z4U/5FLSf+
                vWP/ANBFa1t/qhRRQBJRRRTAKKKKAPln9sP/AFtv/wBchWx8Mv8AkmHwt/7CD/8AoZoopMDovhX/AMlg
                8Xf7z/8AoS17K3/HwlFFNgT0UUUAFFFFABUN7/x5z/8AXNv5UUUAfCaf8nAaF/2E4/8A0Ove/GH/ACCf
                if8A9d4qKKSA9D+EP/JOdJ/3G/8AQjXXW33W+tFFMCaiiigAooooA//Z
            </property>
        </structure>
    </list-property>
</report>
