<?xml version="1.0" encoding="UTF-8"?>
<!-- Written by Eclipse BIRT 1.0 -->
<report xmlns="http://www.eclipse.org/birt/2005/design" version="2">
    <property name="createdBy">Eclipse BIRT Designer Version 1.0.1 Build &lt;20051014-0742></property>
    <property name="units">in</property>
    <parameters>
        <scalar-parameter name="Param 1">
            <property name="valueType">dynamic</property>
            <property name="dataType">dateTime</property>
            <property name="promptText">abc</property>
            <property name="listLimit">20</property>
            <property name="format">Long Date</property>
            <property name="controlType">list-box</property>
            <property name="dataSetName">dataset1</property>
            <expression name="valueExpr">row["ORDERDATE"]</expression>
            <property name="mustMatch">true</property>
            <property name="fixedOrder">true</property>
            <expression name="defaultValue">10/15/2005</expression>
        </scalar-parameter>
        <scalar-parameter name="Param 2">
            <property name="hidden">false</property>
            <text-property name="helpText" key="help">scalar para help</text-property>
            <property name="valueType">dynamic</property>
            <property name="dataType">float</property>
            <property name="listLimit">5</property>
            <property name="concealValue">false</property>
            <property name="allowBlank">false</property>
            <property name="allowNull">true</property>
            <property name="format">##,###.##</property>
            <property name="controlType">list-box</property>
            <property name="alignment">left</property>
            <property name="dataSetName">dataset2</property>
            <expression name="valueExpr">row["Amount"]</expression>
        </scalar-parameter>
    </parameters>
    <data-sources>
         <oda-data-source extensionID="org.eclipse.birt.report.data.oda.sampledb" name="Data Source">
            <property name="odaDriverClass">org.apache.derby.jdbc.EmbeddedDriver</property>
            <property name="odaURL">jdbc:derby:jar:(d:\eclipse\plugins\org.eclipse.birt.report.data.oda.sampledb_1.0.1\db\BirtSample.jar)BirtSample</property>
            <property name="odaUser">ClassicModels</property>
        </oda-data-source>
    </data-sources>
    <data-sets>
        <oda-data-set extensionID="org.eclipse.birt.report.data.oda.jdbc.JdbcSelectDataSet" name="dataset1">
            <property name="dataSource">dataSource</property>
            <property name="queryText">select *
from CLASSICMODELS.ORDERS</property>
        </oda-data-set>
         <oda-data-set extensionID="org.eclipse.birt.report.data.oda.jdbc.JdbcSelectDataSet" name="dataset2">
            <property name="dataSource">Data Source</property>
            <property name="queryText">select *
from CLASSICMODELS.PAYMENTS</property>
        </oda-data-set>
    </data-sets>
    <page-setup>
      <simple-master-page name="Simple MasterPage">
            <page-footer>
                <text>
                    <property name="contentType">html</property>
                    <text-property name="content"><![CDATA[<value-of>new Date()</value-of>]]></text-property>
                </text>
            </page-footer>
        </simple-master-page>
    </page-setup>
</report>
