<?xml version="1.0" encoding="UTF-8"?>
<!-- Written by Eclipse BIRT 2.0 -->
<library xmlns="http://www.eclipse.org/birt/2005/design" version="3.2.7" id="1">
    <property name="theme">defaultTheme</property>
    <list-property name="libraries">
        <structure>
            <property name="fileName">Library_ElementID_Lib.xml</property>
            <property name="namespace">LibA</property>
        </structure>
    </list-property>
    <parameters>
        <scalar-parameter name="Parameter1" id="2">
            <property name="dataType">string</property>
            <property name="controlType">text-box</property>
            <property name="defaultValue">"abc"</property>
            <structure name="format">
                <property name="category">Unformatted</property>
                <property name="pattern">Unformatted</property>
            </structure>
        </scalar-parameter>
    </parameters>
    <data-sources>
        <oda-data-source extensionID="org.eclipse.birt.report.data.oda.jdbc" name="db2d" id="3">
            <property name="odaDriverClass">com.ibm.db2.jcc.DB2Driver</property>
            <property name="odaURL">jdbc:db2://spmdb:1527/gui</property>
            <property name="odaUser">root</property>
            <encrypted-property name="odaPassword">cm9vdA==</encrypted-property>
        </oda-data-source>
        <oda-data-source name="mysql" id="33"/>
    </data-sources>
    <data-sets>
        <oda-data-set extensionID="org.eclipse.birt.report.data.oda.jdbc.JdbcSelectDataSet" name="db2ds" id="4">
            <property name="dataSource">db2d</property>
            <property name="queryText">select *
from ROOT.SAMPLEDATA</property>
        </oda-data-set>
        <oda-data-set name="mysqlds" id="34"/>
    </data-sets>
    <themes>
        <theme name="defaultTheme" id="5">
            <styles>
                <style name="myStyle" id="6">
                    <property name="backgroundColor">#8080FF</property>
                    <property name="color">#FF0000</property>
                </style>
            </styles>
        </theme>
    </themes>
    <components>
        <label name="myLabel" id="7">
            <text-property name="text">Label</text-property>
        </label>
        <text name="myText" id="8">
            <property name="contentType">plain</property>
            <text-property name="content"><![CDATA[Text]]></text-property>
        </text>
        <table name="myTable" id="9">
            <property name="width">100%</property>
            <property name="dataSet">db2ds</property>
            <list-property name="boundDataColumns">
                <structure>
                    <property name="name">CATEGORY</property>
                    <expression name="expression">dataSetRow["CATEGORY"]</expression>
                </structure>
                <structure>
                    <property name="name">VALUE1</property>
                    <expression name="expression">dataSetRow["VALUE1"]</expression>
                </structure>
                <structure>
                    <property name="name">VALUE2</property>
                    <expression name="expression">dataSetRow["VALUE2"]</expression>
                </structure>
            </list-property>
            <column id="10">
                <property name="repeat">1</property>
            </column>
            <column id="11">
                <property name="repeat">1</property>
            </column>
            <column id="12">
                <property name="repeat">1</property>
            </column>
            <header>
                <row id="13">
                    <cell id="14">
                        <property name="column">0</property>
                        <property name="colSpan">1</property>
                        <property name="rowSpan">1</property>
                        <property name="drop">none</property>
                        <label id="15">
                            <text-property name="text">CATEGORY</text-property>
                        </label>
                    </cell>
                    <cell id="16">
                        <property name="column">0</property>
                        <property name="colSpan">1</property>
                        <property name="rowSpan">1</property>
                        <property name="drop">none</property>
                        <label id="17">
                            <text-property name="text">VALUE1</text-property>
                        </label>
                    </cell>
                    <cell id="18">
                        <property name="column">0</property>
                        <property name="colSpan">1</property>
                        <property name="rowSpan">1</property>
                        <property name="drop">none</property>
                        <label id="19">
                            <text-property name="text">VALUE2</text-property>
                        </label>
                    </cell>
                </row>
            </header>
            <detail>
                <row id="20">
                    <cell id="21">
                        <property name="column">0</property>
                        <property name="colSpan">1</property>
                        <property name="rowSpan">1</property>
                        <property name="drop">none</property>
                        <data id="22">
                            <property name="resultSetColumn">CATEGORY</property>
                        </data>
                    </cell>
                    <cell id="23">
                        <property name="column">0</property>
                        <property name="colSpan">1</property>
                        <property name="rowSpan">1</property>
                        <property name="drop">none</property>
                        <data id="24">
                            <property name="resultSetColumn">VALUE1</property>
                        </data>
                    </cell>
                    <cell id="25">
                        <property name="column">0</property>
                        <property name="colSpan">1</property>
                        <property name="rowSpan">1</property>
                        <property name="drop">none</property>
                        <data id="26">
                            <property name="resultSetColumn">VALUE2</property>
                        </data>
                    </cell>
                </row>
            </detail>
            <footer>
                <row id="27">
                    <cell id="28">
                        <property name="column">0</property>
                        <property name="colSpan">1</property>
                        <property name="rowSpan">1</property>
                        <property name="drop">none</property>
                    </cell>
                    <cell id="29">
                        <property name="column">0</property>
                        <property name="colSpan">1</property>
                        <property name="rowSpan">1</property>
                        <property name="drop">none</property>
                    </cell>
                    <cell id="30">
                        <property name="column">0</property>
                        <property name="colSpan">1</property>
                        <property name="rowSpan">1</property>
                        <property name="drop">none</property>
                    </cell>
                </row>
            </footer>
        </table>
        <image name="myImage" id="31">
            <property name="source">url</property>
            <expression name="uri">http://www.actuate.com/images/birt_flying_logo.jpg</expression>
        </image>
        <data name="myData" id="32">
            <list-property name="boundDataColumns">
                <structure>
                    <property name="name">new Date()</property>
                    <expression name="expression">new Date()</expression>
                </structure>
            </list-property>
            <property name="resultSetColumn">new Date()</property>
        </data>
    </components>
</library>
