<?xml version="1.0" encoding="UTF-8"?>
<!-- Written by Eclipse BIRT 1.0 -->
<report xmlns="http://www.eclipse.org/birt/2005/design" version="3" id="1">
    <property name="units">in</property>
    <list-property name="libraries">
        <structure>
            <property name="fileName">D:\workspace_eclipse\org.eclipse.birt.report.tests.model/bin/org\eclipse\birt\report\tests\model\api/input/LibraryCreatLib.xml</property>
            <property name="namespace">LibB</property>
        </structure>
        <structure>
            <property name="fileName">../input/LibA.xml</property>
            <property name="namespace">LibA</property>
        </structure>
    </list-property>
    <page-setup>
        <simple-master-page name="Simple MasterPage" id="2">
            <page-footer>
                <text id="3">
                    <property name="contentType">html</property>
                    <text-property name="content"><![CDATA[<value-of>new Date()</value-of>]]></text-property>
                </text>
            </page-footer>
        </simple-master-page>
    </page-setup>
</report>
