<?xml version="1.0" encoding="UTF-8"?>
<!-- Written by Eclipse BIRT 1.0 -->
<report xmlns="http://www.eclipse.org/birt/2005/design" version="3" id="1">
    <property name="units">in</property>
    <list-property name="libraries">
        <structure>
            <property name="fileName">D:\workspace_eclipse\org.eclipse.birt.report.tests.model/bin/org\eclipse\birt\report\tests\model\api/input/LibraryCreatLib.xml</property>
            <property name="namespace">LibA</property>
        </structure>
    </list-property>
    <parameters>
        <scalar-parameter name="Parameter1" id="8" extends="LibA.Parameter1"/>
    </parameters>
    <data-sources>
        <oda-data-source name="db2d" id="4"/>
    </data-sources>
    <data-sets>
        <oda-data-set name="db2ds" id="5"/>
    </data-sets>
    <styles>
        <style name="myStyle" id="6"/>
    </styles>
    <page-setup>
        <simple-master-page name="Simple MasterPage" id="2">
            <page-footer>
                <text id="3">
                    <property name="contentType">html</property>
                    <text-property name="content"><![CDATA[<value-of>new Date()</value-of>]]></text-property>
                </text>
            </page-footer>
        </simple-master-page>
    </page-setup>
    <body>
        <data name="myData" id="7" extends="LibA.myData"/>
        <text name="myText" id="9" extends="LibA.myText"/>
        <label name="myLabel" id="10" extends="LibA.myLabel"/>
        <table name="myTable" id="11" extends="LibA.myTable"/>
        <image name="myImage" id="33" extends="LibA.myImage"/>
    </body>
</report>
