table My table1 layout: 
1.     1.     2.     
1.     1.     2.     

table My table2 layout: 
1     1     
0     2     

table My table3 layout: 
1.     1.     
1.     1.     2     

table My table10 layout: 
1.     
1.     2.     2.     
1.     2.     2.     3     

table My table11 layout: 
1.     0     2.     
1.     3     2.     

table My table16 layout: 
0     0     1.     
2.     0     1.     
2.     0     1.     3.     3.     
2.     0     1.     3.     3.     4     4     4     

table My table17 layout: 
0     0     1.     
2.     0     1.     
2.     0     1.     3     3     3     4     

table My table20 layout: 
1     2     3     4     5     6     
7.     7.     7.     7.     7.     7.     
7.     7.     7.     7.     7.     7.     8     9     10     11     12     

table My table21 layout: 
1     1     1     1     1     1     
2     3     4     5     6     7     
8.     9.     0     0     0     0     
8.     9.     10.     11.     0     0     
8.     9.     10.     11.     12     13     
14     14     14     14     14     14     

table My table22 layout: 
1.     1.     2     3.     
1.     1.     4     3.     5     

table My table24 layout: 
1.     2.     
1.     2.     3     
4     4     0     
5     5     0     

table My table25 layout: 
1.     2.     
1.     2.     3     
4     2.     0     
0     2.     5     5     
6     6     0     0     

table My table28 layout: 
1     1     
2     2     2     
3     3     0     

table My table30 layout: 
1     1     
2     2     2     
3     3     3     3     3     3     3     3     3     3     3     3     3     3     3     3     3     3     3     3     
4     0     0     0     0     0     0     0     0     0     0     0     0     0     0     0     0     0     0     0     

table My table31 layout: 
1.     1.     
1.     1.     2.     2.     2.     
1.     1.     2.     2.     2.     3     3     3     
0     0     2.     2.     2.     4     4     4     4     
5     5     0     0     0     0     0     0     0     

table My table32 layout: 
1     2     
1     3     

table My table33 layout: 
1     2     3     
4     2     5     

